append_cflags: checking for whether -std=gnu11 is accepted as CFLAGS... -------------------- yes

DYLD_LIBRARY_PATH=.:/Users/tony.hsu/.rbenv/versions/4.0.5/lib LSAN_OPTIONS=detect_leaks=0 "clang -o conftest -I/Users/tony.hsu/.rbenv/versions/4.0.5/include/ruby-4.0.0/arm64-darwin25 -I/Users/tony.hsu/.rbenv/versions/4.0.5/include/ruby-4.0.0/ruby/backward -I/Users/tony.hsu/.rbenv/versions/4.0.5/include/ruby-4.0.0 -I. -D_XOPEN_SOURCE -D_DARWIN_C_SOURCE -D_DARWIN_UNLIMITED_SELECT -D_REENTRANT   -fstack-protector-strong -U_FORTIFY_SOURCE -D_FORTIFY_SOURCE=2 -fdeclspec  -O3 -fno-fast-math -ggdb3 -Wall -Wextra -Wextra-tokens -Wdeprecated-declarations -Wdivision-by-zero -Wdiv-by-zero -Wimplicit-function-declaration -Wimplicit-int -Wpointer-arith -Wshorten-64-to-32 -Wwrite-strings -Wold-style-definition -Wmissing-noreturn -Wno-cast-function-type -Wno-constant-logical-operand -Wno-long-long -Wno-missing-field-initializers -Wno-overlength-strings -Wno-parentheses-equality -Wno-self-assign -Wno-tautological-compare -Wno-unused-parameter -Wno-unused-value -Wunused-variable -Wmisleading-indentation -Wundef -fno-common -pipe conftest.c -L. -L/Users/tony.hsu/.rbenv/versions/4.0.5/lib -L. -fstack-protector-strong -L/opt/homebrew/Cellar/gmp/6.3.0/lib  -arch arm64   -lruby.4.0  -lpthread  "
checked program was:
/* begin */
1: #include "ruby.h"
2: 
3: int main(int argc, char **argv)
4: {
5:   return !!argv[argc];
6: }
/* end */

DYLD_LIBRARY_PATH=.:/Users/tony.hsu/.rbenv/versions/4.0.5/lib LSAN_OPTIONS=detect_leaks=0 "clang -I/Users/tony.hsu/.rbenv/versions/4.0.5/include/ruby-4.0.0/arm64-darwin25 -I/Users/tony.hsu/.rbenv/versions/4.0.5/include/ruby-4.0.0/ruby/backward -I/Users/tony.hsu/.rbenv/versions/4.0.5/include/ruby-4.0.0 -I. -D_XOPEN_SOURCE -D_DARWIN_C_SOURCE -D_DARWIN_UNLIMITED_SELECT -D_REENTRANT   -fstack-protector-strong -U_FORTIFY_SOURCE -D_FORTIFY_SOURCE=2 -fdeclspec  -O3 -fno-fast-math -ggdb3 -Wall -Wextra -Wextra-tokens -Wdeprecated-declarations -Wdivision-by-zero -Wdiv-by-zero -Wimplicit-function-declaration -Wimplicit-int -Wpointer-arith -Wshorten-64-to-32 -Wwrite-strings -Wold-style-definition -Wmissing-noreturn -Wno-cast-function-type -Wno-constant-logical-operand -Wno-long-long -Wno-missing-field-initializers -Wno-overlength-strings -Wno-parentheses-equality -Wno-self-assign -Wno-tautological-compare -Wno-unused-parameter -Wno-unused-value -Wunused-variable -Wmisleading-indentation -Wundef -fno-common -pipe -arch arm64 -std=gnu11 -Werror -c conftest.c"
checked program was:
/* begin */
1: #include "ruby.h"
2: 
3: int main(int argc, char **argv)
4: {
5:   return !!argv[argc];
6: }
/* end */

--------------------

append_cflags: checking for whether -Wno-declaration-after-statement is accepted as CFLAGS... -------------------- yes

DYLD_LIBRARY_PATH=.:/Users/tony.hsu/.rbenv/versions/4.0.5/lib LSAN_OPTIONS=detect_leaks=0 "clang -I/Users/tony.hsu/.rbenv/versions/4.0.5/include/ruby-4.0.0/arm64-darwin25 -I/Users/tony.hsu/.rbenv/versions/4.0.5/include/ruby-4.0.0/ruby/backward -I/Users/tony.hsu/.rbenv/versions/4.0.5/include/ruby-4.0.0 -I. -D_XOPEN_SOURCE -D_DARWIN_C_SOURCE -D_DARWIN_UNLIMITED_SELECT -D_REENTRANT   -fstack-protector-strong -U_FORTIFY_SOURCE -D_FORTIFY_SOURCE=2 -fdeclspec  -O3 -fno-fast-math -ggdb3 -Wall -Wextra -Wextra-tokens -Wdeprecated-declarations -Wdivision-by-zero -Wdiv-by-zero -Wimplicit-function-declaration -Wimplicit-int -Wpointer-arith -Wshorten-64-to-32 -Wwrite-strings -Wold-style-definition -Wmissing-noreturn -Wno-cast-function-type -Wno-constant-logical-operand -Wno-long-long -Wno-missing-field-initializers -Wno-overlength-strings -Wno-parentheses-equality -Wno-self-assign -Wno-tautological-compare -Wno-unused-parameter -Wno-unused-value -Wunused-variable -Wmisleading-indentation -Wundef -fno-common -pipe -std=gnu11 -arch arm64 -Wno-declaration-after-statement -Werror -c conftest.c"
checked program was:
/* begin */
1: #include "ruby.h"
2: 
3: int main(int argc, char **argv)
4: {
5:   return !!argv[argc];
6: }
/* end */

--------------------

append_cflags: checking for whether -Werror-implicit-function-declaration is accepted as CFLAGS... -------------------- yes

DYLD_LIBRARY_PATH=.:/Users/tony.hsu/.rbenv/versions/4.0.5/lib LSAN_OPTIONS=detect_leaks=0 "clang -I/Users/tony.hsu/.rbenv/versions/4.0.5/include/ruby-4.0.0/arm64-darwin25 -I/Users/tony.hsu/.rbenv/versions/4.0.5/include/ruby-4.0.0/ruby/backward -I/Users/tony.hsu/.rbenv/versions/4.0.5/include/ruby-4.0.0 -I. -D_XOPEN_SOURCE -D_DARWIN_C_SOURCE -D_DARWIN_UNLIMITED_SELECT -D_REENTRANT   -fstack-protector-strong -U_FORTIFY_SOURCE -D_FORTIFY_SOURCE=2 -fdeclspec  -O3 -fno-fast-math -ggdb3 -Wall -Wextra -Wextra-tokens -Wdeprecated-declarations -Wdivision-by-zero -Wdiv-by-zero -Wimplicit-function-declaration -Wimplicit-int -Wpointer-arith -Wshorten-64-to-32 -Wwrite-strings -Wold-style-definition -Wmissing-noreturn -Wno-cast-function-type -Wno-constant-logical-operand -Wno-long-long -Wno-missing-field-initializers -Wno-overlength-strings -Wno-parentheses-equality -Wno-self-assign -Wno-tautological-compare -Wno-unused-parameter -Wno-unused-value -Wunused-variable -Wmisleading-indentation -Wundef -fno-common -pipe -std=gnu11 -Wno-declaration-after-statement -arch arm64 -Werror-implicit-function-declaration -Werror -c conftest.c"
checked program was:
/* begin */
1: #include "ruby.h"
2: 
3: int main(int argc, char **argv)
4: {
5:   return !!argv[argc];
6: }
/* end */

--------------------

append_cflags: checking for whether -Wunused-parameter is accepted as CFLAGS... -------------------- no

DYLD_LIBRARY_PATH=.:/Users/tony.hsu/.rbenv/versions/4.0.5/lib LSAN_OPTIONS=detect_leaks=0 "clang -I/Users/tony.hsu/.rbenv/versions/4.0.5/include/ruby-4.0.0/arm64-darwin25 -I/Users/tony.hsu/.rbenv/versions/4.0.5/include/ruby-4.0.0/ruby/backward -I/Users/tony.hsu/.rbenv/versions/4.0.5/include/ruby-4.0.0 -I. -D_XOPEN_SOURCE -D_DARWIN_C_SOURCE -D_DARWIN_UNLIMITED_SELECT -D_REENTRANT   -fstack-protector-strong -U_FORTIFY_SOURCE -D_FORTIFY_SOURCE=2 -fdeclspec  -O3 -fno-fast-math -ggdb3 -Wall -Wextra -Wextra-tokens -Wdeprecated-declarations -Wdivision-by-zero -Wdiv-by-zero -Wimplicit-function-declaration -Wimplicit-int -Wpointer-arith -Wshorten-64-to-32 -Wwrite-strings -Wold-style-definition -Wmissing-noreturn -Wno-cast-function-type -Wno-constant-logical-operand -Wno-long-long -Wno-missing-field-initializers -Wno-overlength-strings -Wno-parentheses-equality -Wno-self-assign -Wno-tautological-compare -Wno-unused-parameter -Wno-unused-value -Wunused-variable -Wmisleading-indentation -Wundef -fno-common -pipe -std=gnu11 -Wno-declaration-after-statement -Werror-implicit-function-declaration -arch arm64 -Wunused-parameter -Werror -c conftest.c"
In file included from conftest.c:1:
In file included from /Users/tony.hsu/.rbenv/versions/4.0.5/include/ruby-4.0.0/ruby.h:38:
In file included from /Users/tony.hsu/.rbenv/versions/4.0.5/include/ruby-4.0.0/ruby/ruby.h:29:
In file included from /Users/tony.hsu/.rbenv/versions/4.0.5/include/ruby-4.0.0/ruby/internal/core.h:23:
In file included from /Users/tony.hsu/.rbenv/versions/4.0.5/include/ruby-4.0.0/ruby/internal/core/rarray.h:32:
/Users/tony.hsu/.rbenv/versions/4.0.5/include/ruby-4.0.0/ruby/internal/gc.h:827:46: error: unused parameter 'obj' [-Werror,-Wunused-parameter]
  827 | static inline void rb_gc_force_recycle(VALUE obj){}
      |                                              ^
1 error generated.
checked program was:
/* begin */
1: #include "ruby.h"
2: 
3: int main(int argc, char **argv)
4: {
5:   return !!argv[argc];
6: }
/* end */

--------------------

append_cflags: checking for whether -fvisibility=hidden is accepted as CFLAGS... -------------------- yes

DYLD_LIBRARY_PATH=.:/Users/tony.hsu/.rbenv/versions/4.0.5/lib LSAN_OPTIONS=detect_leaks=0 "clang -I/Users/tony.hsu/.rbenv/versions/4.0.5/include/ruby-4.0.0/arm64-darwin25 -I/Users/tony.hsu/.rbenv/versions/4.0.5/include/ruby-4.0.0/ruby/backward -I/Users/tony.hsu/.rbenv/versions/4.0.5/include/ruby-4.0.0 -I. -D_XOPEN_SOURCE -D_DARWIN_C_SOURCE -D_DARWIN_UNLIMITED_SELECT -D_REENTRANT   -fstack-protector-strong -U_FORTIFY_SOURCE -D_FORTIFY_SOURCE=2 -fdeclspec  -O3 -fno-fast-math -ggdb3 -Wall -Wextra -Wextra-tokens -Wdeprecated-declarations -Wdivision-by-zero -Wdiv-by-zero -Wimplicit-function-declaration -Wimplicit-int -Wpointer-arith -Wshorten-64-to-32 -Wwrite-strings -Wold-style-definition -Wmissing-noreturn -Wno-cast-function-type -Wno-constant-logical-operand -Wno-long-long -Wno-missing-field-initializers -Wno-overlength-strings -Wno-parentheses-equality -Wno-self-assign -Wno-tautological-compare -Wno-unused-parameter -Wno-unused-value -Wunused-variable -Wmisleading-indentation -Wundef -fno-common -pipe -std=gnu11 -Wno-declaration-after-statement -Werror-implicit-function-declaration -arch arm64 -fvisibility=hidden -Werror -c conftest.c"
checked program was:
/* begin */
1: #include "ruby.h"
2: 
3: int main(int argc, char **argv)
4: {
5:   return !!argv[argc];
6: }
/* end */

--------------------

append_cflags: checking for whether -Wold-style-definition is accepted as CFLAGS... -------------------- yes

DYLD_LIBRARY_PATH=.:/Users/tony.hsu/.rbenv/versions/4.0.5/lib LSAN_OPTIONS=detect_leaks=0 "clang -I/Users/tony.hsu/.rbenv/versions/4.0.5/include/ruby-4.0.0/arm64-darwin25 -I/Users/tony.hsu/.rbenv/versions/4.0.5/include/ruby-4.0.0/ruby/backward -I/Users/tony.hsu/.rbenv/versions/4.0.5/include/ruby-4.0.0 -I. -D_XOPEN_SOURCE -D_DARWIN_C_SOURCE -D_DARWIN_UNLIMITED_SELECT -D_REENTRANT   -fstack-protector-strong -U_FORTIFY_SOURCE -D_FORTIFY_SOURCE=2 -fdeclspec  -O3 -fno-fast-math -ggdb3 -Wall -Wextra -Wextra-tokens -Wdeprecated-declarations -Wdivision-by-zero -Wdiv-by-zero -Wimplicit-function-declaration -Wimplicit-int -Wpointer-arith -Wshorten-64-to-32 -Wwrite-strings -Wold-style-definition -Wmissing-noreturn -Wno-cast-function-type -Wno-constant-logical-operand -Wno-long-long -Wno-missing-field-initializers -Wno-overlength-strings -Wno-parentheses-equality -Wno-self-assign -Wno-tautological-compare -Wno-unused-parameter -Wno-unused-value -Wunused-variable -Wmisleading-indentation -Wundef -fno-common -pipe -std=gnu11 -Wno-declaration-after-statement -Werror-implicit-function-declaration -fvisibility=hidden -arch arm64 -Wold-style-definition -Werror -c conftest.c"
checked program was:
/* begin */
1: #include "ruby.h"
2: 
3: int main(int argc, char **argv)
4: {
5:   return !!argv[argc];
6: }
/* end */

--------------------

linking with libdatadog (include=/Users/tony.hsu/.rbenv/versions/4.0.5/lib/ruby/gems/4.0.0/gems/libdatadog-44.0.1.1.0-arm64-darwin/vendor/libdatadog-44.0.1/arm64-darwin/lib/pkgconfig/../../include, lib=/Users/tony.hsu/.rbenv/versions/4.0.5/lib/ruby/gems/4.0.0/gems/libdatadog-44.0.1.1.0-arm64-darwin/vendor/libdatadog-44.0.1/arm64-darwin/lib/pkgconfig/../../lib)
[datadog] $LDFLAGS were set to: "-L. -fstack-protector-strong -L/opt/homebrew/Cellar/gmp/6.3.0/lib -L/Users/tony.hsu/.rbenv/versions/4.0.5/lib/ruby/gems/4.0.0/gems/libdatadog-44.0.1.1.0-arm64-darwin/vendor/libdatadog-44.0.1/arm64-darwin/lib/pkgconfig/../../lib -Wl,-rpath,/Users/tony.hsu/.rbenv/versions/4.0.5/lib/ruby/gems/4.0.0/gems/libdatadog-44.0.1.1.0-arm64-darwin/vendor/libdatadog-44.0.1/arm64-darwin/lib/pkgconfig/../../lib -Wl,-rpath,$$$\\\\{ORIGIN\\}/../../../.rbenv/versions/4.0.5/lib/ruby/gems/4.0.0/gems/libdatadog-44.0.1.1.0-arm64-darwin/vendor/libdatadog-44.0.1/arm64-darwin/lib -Wl,-rpath,$$$\\\\{ORIGIN\\}/../../../../gems/libdatadog-44.0.1.1.0-arm64-darwin/vendor/libdatadog-44.0.1/arm64-darwin/lib -Wl,-rpath,$$$\\\\{ORIGIN\\}/../../../../../../gems/libdatadog-44.0.1.1.0-arm64-darwin/vendor/libdatadog-44.0.1/arm64-darwin/lib"
have_func: checking for rb_iseq_type()... -------------------- yes

DYLD_LIBRARY_PATH=.:/Users/tony.hsu/.rbenv/versions/4.0.5/lib LSAN_OPTIONS=detect_leaks=0 "clang -o conftest -I/Users/tony.hsu/.rbenv/versions/4.0.5/include/ruby-4.0.0/arm64-darwin25 -I/Users/tony.hsu/.rbenv/versions/4.0.5/include/ruby-4.0.0/ruby/backward -I/Users/tony.hsu/.rbenv/versions/4.0.5/include/ruby-4.0.0 -I. -I/Users/tony.hsu/.rbenv/versions/4.0.5/lib/ruby/gems/4.0.0/gems/libdatadog-44.0.1.1.0-arm64-darwin/vendor/libdatadog-44.0.1/arm64-darwin/lib/pkgconfig/../../include -D_XOPEN_SOURCE -D_DARWIN_C_SOURCE -D_DARWIN_UNLIMITED_SELECT -D_REENTRANT   -fstack-protector-strong -U_FORTIFY_SOURCE -D_FORTIFY_SOURCE=2 -fdeclspec  -O3 -fno-fast-math -ggdb3 -Wall -Wextra -Wextra-tokens -Wdeprecated-declarations -Wdivision-by-zero -Wdiv-by-zero -Wimplicit-function-declaration -Wimplicit-int -Wpointer-arith -Wshorten-64-to-32 -Wwrite-strings -Wold-style-definition -Wmissing-noreturn -Wno-cast-function-type -Wno-constant-logical-operand -Wno-long-long -Wno-missing-field-initializers -Wno-overlength-strings -Wno-parentheses-equality -Wno-self-assign -Wno-tautological-compare -Wno-unused-parameter -Wno-unused-value -Wunused-variable -Wmisleading-indentation -Wundef -fno-common -pipe -std=gnu11 -Wno-declaration-after-statement -Werror-implicit-function-declaration -fvisibility=hidden -Wold-style-definition conftest.c -L. -L/Users/tony.hsu/.rbenv/versions/4.0.5/lib -L. -fstack-protector-strong -L/opt/homebrew/Cellar/gmp/6.3.0/lib -L/Users/tony.hsu/.rbenv/versions/4.0.5/lib/ruby/gems/4.0.0/gems/libdatadog-44.0.1.1.0-arm64-darwin/vendor/libdatadog-44.0.1/arm64-darwin/lib/pkgconfig/../../lib -Wl,-rpath,/Users/tony.hsu/.rbenv/versions/4.0.5/lib/ruby/gems/4.0.0/gems/libdatadog-44.0.1.1.0-arm64-darwin/vendor/libdatadog-44.0.1/arm64-darwin/lib/pkgconfig/../../lib -Wl,-rpath,$$\\{ORIGIN\}/../../../.rbenv/versions/4.0.5/lib/ruby/gems/4.0.0/gems/libdatadog-44.0.1.1.0-arm64-darwin/vendor/libdatadog-44.0.1/arm64-darwin/lib -Wl,-rpath,$$\\{ORIGIN\}/../../../../gems/libdatadog-44.0.1.1.0-arm64-darwin/vendor/libdatadog-44.0.1/arm64-darwin/lib -Wl,-rpath,$$\\{ORIGIN\}/../../../../../../gems/libdatadog-44.0.1.1.0-arm64-darwin/vendor/libdatadog-44.0.1/arm64-darwin/lib  -arch arm64   -ldatadog_profiling -lruby.4.0  -ldatadog_profiling -lpthread  "
conftest.c:14:57: error: use of undeclared identifier 'rb_iseq_type'
   14 | int t(void) { void ((*volatile p)()); p = (void ((*)()))rb_iseq_type; return !p; }
      |                                                         ^~~~~~~~~~~~
1 error generated.
checked program was:
/* begin */
 1: #include "ruby.h"
 2: 
 3: /*top*/
 4: extern int t(void);
 5: int main(int argc, char **argv)
 6: {
 7:   if (argc > 1000000) {
 8:     int (* volatile tp)(void)=(int (*)(void))&t;
 9:     printf("%d", (*tp)());
10:   }
11: 
12:   return !!argv[argc];
13: }
14: int t(void) { void ((*volatile p)()); p = (void ((*)()))rb_iseq_type; return !p; }
/* end */

DYLD_LIBRARY_PATH=.:/Users/tony.hsu/.rbenv/versions/4.0.5/lib LSAN_OPTIONS=detect_leaks=0 "clang -o conftest -I/Users/tony.hsu/.rbenv/versions/4.0.5/include/ruby-4.0.0/arm64-darwin25 -I/Users/tony.hsu/.rbenv/versions/4.0.5/include/ruby-4.0.0/ruby/backward -I/Users/tony.hsu/.rbenv/versions/4.0.5/include/ruby-4.0.0 -I. -I/Users/tony.hsu/.rbenv/versions/4.0.5/lib/ruby/gems/4.0.0/gems/libdatadog-44.0.1.1.0-arm64-darwin/vendor/libdatadog-44.0.1/arm64-darwin/lib/pkgconfig/../../include -D_XOPEN_SOURCE -D_DARWIN_C_SOURCE -D_DARWIN_UNLIMITED_SELECT -D_REENTRANT   -fstack-protector-strong -U_FORTIFY_SOURCE -D_FORTIFY_SOURCE=2 -fdeclspec  -O3 -fno-fast-math -ggdb3 -Wall -Wextra -Wextra-tokens -Wdeprecated-declarations -Wdivision-by-zero -Wdiv-by-zero -Wimplicit-function-declaration -Wimplicit-int -Wpointer-arith -Wshorten-64-to-32 -Wwrite-strings -Wold-style-definition -Wmissing-noreturn -Wno-cast-function-type -Wno-constant-logical-operand -Wno-long-long -Wno-missing-field-initializers -Wno-overlength-strings -Wno-parentheses-equality -Wno-self-assign -Wno-tautological-compare -Wno-unused-parameter -Wno-unused-value -Wunused-variable -Wmisleading-indentation -Wundef -fno-common -pipe -std=gnu11 -Wno-declaration-after-statement -Werror-implicit-function-declaration -fvisibility=hidden -Wold-style-definition conftest.c -L. -L/Users/tony.hsu/.rbenv/versions/4.0.5/lib -L. -fstack-protector-strong -L/opt/homebrew/Cellar/gmp/6.3.0/lib -L/Users/tony.hsu/.rbenv/versions/4.0.5/lib/ruby/gems/4.0.0/gems/libdatadog-44.0.1.1.0-arm64-darwin/vendor/libdatadog-44.0.1/arm64-darwin/lib/pkgconfig/../../lib -Wl,-rpath,/Users/tony.hsu/.rbenv/versions/4.0.5/lib/ruby/gems/4.0.0/gems/libdatadog-44.0.1.1.0-arm64-darwin/vendor/libdatadog-44.0.1/arm64-darwin/lib/pkgconfig/../../lib -Wl,-rpath,$$\\{ORIGIN\}/../../../.rbenv/versions/4.0.5/lib/ruby/gems/4.0.0/gems/libdatadog-44.0.1.1.0-arm64-darwin/vendor/libdatadog-44.0.1/arm64-darwin/lib -Wl,-rpath,$$\\{ORIGIN\}/../../../../gems/libdatadog-44.0.1.1.0-arm64-darwin/vendor/libdatadog-44.0.1/arm64-darwin/lib -Wl,-rpath,$$\\{ORIGIN\}/../../../../../../gems/libdatadog-44.0.1.1.0-arm64-darwin/vendor/libdatadog-44.0.1/arm64-darwin/lib  -arch arm64   -ldatadog_profiling -lruby.4.0  -ldatadog_profiling -lpthread  "
ld: warning: ignoring duplicate libraries: '-ldatadog_profiling'
checked program was:
/* begin */
 1: #include "ruby.h"
 2: 
 3: /*top*/
 4: extern int t(void);
 5: int main(int argc, char **argv)
 6: {
 7:   if (argc > 1000000) {
 8:     int (* volatile tp)(void)=(int (*)(void))&t;
 9:     printf("%d", (*tp)());
10:   }
11: 
12:   return !!argv[argc];
13: }
14: extern void rb_iseq_type();
15: int t(void) { rb_iseq_type(); return 0; }
/* end */

--------------------

have_func: checking for ruby_thread_has_gvl_p()... -------------------- yes

DYLD_LIBRARY_PATH=.:/Users/tony.hsu/.rbenv/versions/4.0.5/lib LSAN_OPTIONS=detect_leaks=0 "clang -o conftest -I/Users/tony.hsu/.rbenv/versions/4.0.5/include/ruby-4.0.0/arm64-darwin25 -I/Users/tony.hsu/.rbenv/versions/4.0.5/include/ruby-4.0.0/ruby/backward -I/Users/tony.hsu/.rbenv/versions/4.0.5/include/ruby-4.0.0 -I. -I/Users/tony.hsu/.rbenv/versions/4.0.5/lib/ruby/gems/4.0.0/gems/libdatadog-44.0.1.1.0-arm64-darwin/vendor/libdatadog-44.0.1/arm64-darwin/lib/pkgconfig/../../include -D_XOPEN_SOURCE -D_DARWIN_C_SOURCE -D_DARWIN_UNLIMITED_SELECT -D_REENTRANT   -fstack-protector-strong -U_FORTIFY_SOURCE -D_FORTIFY_SOURCE=2 -fdeclspec  -O3 -fno-fast-math -ggdb3 -Wall -Wextra -Wextra-tokens -Wdeprecated-declarations -Wdivision-by-zero -Wdiv-by-zero -Wimplicit-function-declaration -Wimplicit-int -Wpointer-arith -Wshorten-64-to-32 -Wwrite-strings -Wold-style-definition -Wmissing-noreturn -Wno-cast-function-type -Wno-constant-logical-operand -Wno-long-long -Wno-missing-field-initializers -Wno-overlength-strings -Wno-parentheses-equality -Wno-self-assign -Wno-tautological-compare -Wno-unused-parameter -Wno-unused-value -Wunused-variable -Wmisleading-indentation -Wundef -fno-common -pipe -std=gnu11 -Wno-declaration-after-statement -Werror-implicit-function-declaration -fvisibility=hidden -Wold-style-definition conftest.c -L. -L/Users/tony.hsu/.rbenv/versions/4.0.5/lib -L. -fstack-protector-strong -L/opt/homebrew/Cellar/gmp/6.3.0/lib -L/Users/tony.hsu/.rbenv/versions/4.0.5/lib/ruby/gems/4.0.0/gems/libdatadog-44.0.1.1.0-arm64-darwin/vendor/libdatadog-44.0.1/arm64-darwin/lib/pkgconfig/../../lib -Wl,-rpath,/Users/tony.hsu/.rbenv/versions/4.0.5/lib/ruby/gems/4.0.0/gems/libdatadog-44.0.1.1.0-arm64-darwin/vendor/libdatadog-44.0.1/arm64-darwin/lib/pkgconfig/../../lib -Wl,-rpath,$$\\{ORIGIN\}/../../../.rbenv/versions/4.0.5/lib/ruby/gems/4.0.0/gems/libdatadog-44.0.1.1.0-arm64-darwin/vendor/libdatadog-44.0.1/arm64-darwin/lib -Wl,-rpath,$$\\{ORIGIN\}/../../../../gems/libdatadog-44.0.1.1.0-arm64-darwin/vendor/libdatadog-44.0.1/arm64-darwin/lib -Wl,-rpath,$$\\{ORIGIN\}/../../../../../../gems/libdatadog-44.0.1.1.0-arm64-darwin/vendor/libdatadog-44.0.1/arm64-darwin/lib  -arch arm64   -ldatadog_profiling -lruby.4.0  -ldatadog_profiling -lpthread  "
conftest.c:14:57: error: use of undeclared identifier 'ruby_thread_has_gvl_p'
   14 | int t(void) { void ((*volatile p)()); p = (void ((*)()))ruby_thread_has_gvl_p; return !p; }
      |                                                         ^~~~~~~~~~~~~~~~~~~~~
1 error generated.
checked program was:
/* begin */
 1: #include "ruby.h"
 2: 
 3: /*top*/
 4: extern int t(void);
 5: int main(int argc, char **argv)
 6: {
 7:   if (argc > 1000000) {
 8:     int (* volatile tp)(void)=(int (*)(void))&t;
 9:     printf("%d", (*tp)());
10:   }
11: 
12:   return !!argv[argc];
13: }
14: int t(void) { void ((*volatile p)()); p = (void ((*)()))ruby_thread_has_gvl_p; return !p; }
/* end */

DYLD_LIBRARY_PATH=.:/Users/tony.hsu/.rbenv/versions/4.0.5/lib LSAN_OPTIONS=detect_leaks=0 "clang -o conftest -I/Users/tony.hsu/.rbenv/versions/4.0.5/include/ruby-4.0.0/arm64-darwin25 -I/Users/tony.hsu/.rbenv/versions/4.0.5/include/ruby-4.0.0/ruby/backward -I/Users/tony.hsu/.rbenv/versions/4.0.5/include/ruby-4.0.0 -I. -I/Users/tony.hsu/.rbenv/versions/4.0.5/lib/ruby/gems/4.0.0/gems/libdatadog-44.0.1.1.0-arm64-darwin/vendor/libdatadog-44.0.1/arm64-darwin/lib/pkgconfig/../../include -D_XOPEN_SOURCE -D_DARWIN_C_SOURCE -D_DARWIN_UNLIMITED_SELECT -D_REENTRANT   -fstack-protector-strong -U_FORTIFY_SOURCE -D_FORTIFY_SOURCE=2 -fdeclspec  -O3 -fno-fast-math -ggdb3 -Wall -Wextra -Wextra-tokens -Wdeprecated-declarations -Wdivision-by-zero -Wdiv-by-zero -Wimplicit-function-declaration -Wimplicit-int -Wpointer-arith -Wshorten-64-to-32 -Wwrite-strings -Wold-style-definition -Wmissing-noreturn -Wno-cast-function-type -Wno-constant-logical-operand -Wno-long-long -Wno-missing-field-initializers -Wno-overlength-strings -Wno-parentheses-equality -Wno-self-assign -Wno-tautological-compare -Wno-unused-parameter -Wno-unused-value -Wunused-variable -Wmisleading-indentation -Wundef -fno-common -pipe -std=gnu11 -Wno-declaration-after-statement -Werror-implicit-function-declaration -fvisibility=hidden -Wold-style-definition conftest.c -L. -L/Users/tony.hsu/.rbenv/versions/4.0.5/lib -L. -fstack-protector-strong -L/opt/homebrew/Cellar/gmp/6.3.0/lib -L/Users/tony.hsu/.rbenv/versions/4.0.5/lib/ruby/gems/4.0.0/gems/libdatadog-44.0.1.1.0-arm64-darwin/vendor/libdatadog-44.0.1/arm64-darwin/lib/pkgconfig/../../lib -Wl,-rpath,/Users/tony.hsu/.rbenv/versions/4.0.5/lib/ruby/gems/4.0.0/gems/libdatadog-44.0.1.1.0-arm64-darwin/vendor/libdatadog-44.0.1/arm64-darwin/lib/pkgconfig/../../lib -Wl,-rpath,$$\\{ORIGIN\}/../../../.rbenv/versions/4.0.5/lib/ruby/gems/4.0.0/gems/libdatadog-44.0.1.1.0-arm64-darwin/vendor/libdatadog-44.0.1/arm64-darwin/lib -Wl,-rpath,$$\\{ORIGIN\}/../../../../gems/libdatadog-44.0.1.1.0-arm64-darwin/vendor/libdatadog-44.0.1/arm64-darwin/lib -Wl,-rpath,$$\\{ORIGIN\}/../../../../../../gems/libdatadog-44.0.1.1.0-arm64-darwin/vendor/libdatadog-44.0.1/arm64-darwin/lib  -arch arm64   -ldatadog_profiling -lruby.4.0  -ldatadog_profiling -lpthread  "
ld: warning: ignoring duplicate libraries: '-ldatadog_profiling'
checked program was:
/* begin */
 1: #include "ruby.h"
 2: 
 3: /*top*/
 4: extern int t(void);
 5: int main(int argc, char **argv)
 6: {
 7:   if (argc > 1000000) {
 8:     int (* volatile tp)(void)=(int (*)(void))&t;
 9:     printf("%d", (*tp)());
10:   }
11: 
12:   return !!argv[argc];
13: }
14: extern void ruby_thread_has_gvl_p();
15: int t(void) { ruby_thread_has_gvl_p(); return 0; }
/* end */

--------------------

